// Jest Snapshot v1, https://goo.gl/fbAQLP

exports[`App should match snapshot 1`] = `
<div
  class="App"
  data-testid="app"
>
  <div
    class="dateBlock flash"
    data-testid="date"
  >
    <span
      class="dateBlockLabel"
    >
      Full Date
    </span>
    20/4/2020
  </div>
  <div
    class="dateBlock flash"
    data-testid="day"
  >
    <span
      class="dateBlockLabel"
    >
      Day
    </span>
    20
  </div>
  <div
    class="dateBlock flash"
    data-testid="month"
  >
    <span
      class="dateBlockLabel"
    >
      Month
    </span>
    4
  </div>
  <div
    class="dateBlock flash"
    data-testid="year"
  >
    <span
      class="dateBlockLabel"
    >
      Year
    </span>
    2020
  </div>
  <div
    class="controls"
  >
    <button
      data-testid="dayButton"
      title="Generate random day"
      type="button"
    >
      <svg
        class="icon"
        fill="currentColor"
        height="1em"
        stroke="currentColor"
        stroke-width="0"
        style="color: rgb(144, 144, 144);"
        viewBox="0 0 640 512"
        width="1em"
        xmlns="http://www.w3.org/2000/svg"
      >
        <path
          d="M592 192H473.26c12.69 29.59 7.12 65.2-17 89.32L320 417.58V464c0 26.51 21.49 48 48 48h224c26.51 0 48-21.49 48-48V240c0-26.51-21.49-48-48-48zM480 376c-13.25 0-24-10.75-24-24 0-13.26 10.75-24 24-24s24 10.74 24 24c0 13.25-10.75 24-24 24zm-46.37-186.7L258.7 14.37c-19.16-19.16-50.23-19.16-69.39 0L14.37 189.3c-19.16 19.16-19.16 50.23 0 69.39L189.3 433.63c19.16 19.16 50.23 19.16 69.39 0L433.63 258.7c19.16-19.17 19.16-50.24 0-69.4zM96 248c-13.25 0-24-10.75-24-24 0-13.26 10.75-24 24-24s24 10.74 24 24c0 13.25-10.75 24-24 24zm128 128c-13.25 0-24-10.75-24-24 0-13.26 10.75-24 24-24s24 10.74 24 24c0 13.25-10.75 24-24 24zm0-128c-13.25 0-24-10.75-24-24 0-13.26 10.75-24 24-24s24 10.74 24 24c0 13.25-10.75 24-24 24zm0-128c-13.25 0-24-10.75-24-24 0-13.26 10.75-24 24-24s24 10.74 24 24c0 13.25-10.75 24-24 24zm128 128c-13.25 0-24-10.75-24-24 0-13.26 10.75-24 24-24s24 10.74 24 24c0 13.25-10.75 24-24 24z"
        />
      </svg>
      Day
    </button>
    <button
      data-testid="monthButton"
      title="Generate random month"
      type="button"
    >
      <svg
        class="icon"
        fill="currentColor"
        height="1em"
        stroke="currentColor"
        stroke-width="0"
        style="color: rgb(144, 144, 144);"
        viewBox="0 0 640 512"
        width="1em"
        xmlns="http://www.w3.org/2000/svg"
      >
        <path
          d="M592 192H473.26c12.69 29.59 7.12 65.2-17 89.32L320 417.58V464c0 26.51 21.49 48 48 48h224c26.51 0 48-21.49 48-48V240c0-26.51-21.49-48-48-48zM480 376c-13.25 0-24-10.75-24-24 0-13.26 10.75-24 24-24s24 10.74 24 24c0 13.25-10.75 24-24 24zm-46.37-186.7L258.7 14.37c-19.16-19.16-50.23-19.16-69.39 0L14.37 189.3c-19.16 19.16-19.16 50.23 0 69.39L189.3 433.63c19.16 19.16 50.23 19.16 69.39 0L433.63 258.7c19.16-19.17 19.16-50.24 0-69.4zM96 248c-13.25 0-24-10.75-24-24 0-13.26 10.75-24 24-24s24 10.74 24 24c0 13.25-10.75 24-24 24zm128 128c-13.25 0-24-10.75-24-24 0-13.26 10.75-24 24-24s24 10.74 24 24c0 13.25-10.75 24-24 24zm0-128c-13.25 0-24-10.75-24-24 0-13.26 10.75-24 24-24s24 10.74 24 24c0 13.25-10.75 24-24 24zm0-128c-13.25 0-24-10.75-24-24 0-13.26 10.75-24 24-24s24 10.74 24 24c0 13.25-10.75 24-24 24zm128 128c-13.25 0-24-10.75-24-24 0-13.26 10.75-24 24-24s24 10.74 24 24c0 13.25-10.75 24-24 24z"
        />
      </svg>
      Month
    </button>
    <button
      data-testid="yearButton"
      title="Generate random year"
      type="button"
    >
      <svg
        class="icon"
        fill="currentColor"
        height="1em"
        stroke="currentColor"
        stroke-width="0"
        style="color: rgb(144, 144, 144);"
        viewBox="0 0 640 512"
        width="1em"
        xmlns="http://www.w3.org/2000/svg"
      >
        <path
          d="M592 192H473.26c12.69 29.59 7.12 65.2-17 89.32L320 417.58V464c0 26.51 21.49 48 48 48h224c26.51 0 48-21.49 48-48V240c0-26.51-21.49-48-48-48zM480 376c-13.25 0-24-10.75-24-24 0-13.26 10.75-24 24-24s24 10.74 24 24c0 13.25-10.75 24-24 24zm-46.37-186.7L258.7 14.37c-19.16-19.16-50.23-19.16-69.39 0L14.37 189.3c-19.16 19.16-19.16 50.23 0 69.39L189.3 433.63c19.16 19.16 50.23 19.16 69.39 0L433.63 258.7c19.16-19.17 19.16-50.24 0-69.4zM96 248c-13.25 0-24-10.75-24-24 0-13.26 10.75-24 24-24s24 10.74 24 24c0 13.25-10.75 24-24 24zm128 128c-13.25 0-24-10.75-24-24 0-13.26 10.75-24 24-24s24 10.74 24 24c0 13.25-10.75 24-24 24zm0-128c-13.25 0-24-10.75-24-24 0-13.26 10.75-24 24-24s24 10.74 24 24c0 13.25-10.75 24-24 24zm0-128c-13.25 0-24-10.75-24-24 0-13.26 10.75-24 24-24s24 10.74 24 24c0 13.25-10.75 24-24 24zm128 128c-13.25 0-24-10.75-24-24 0-13.26 10.75-24 24-24s24 10.74 24 24c0 13.25-10.75 24-24 24z"
        />
      </svg>
      Year
    </button>
  </div>
</div>
`;
